Started,Finished,DurationSecs,FromStopId,ToStopId,ChargeAmount,companyId,BusID,PAN,Status
22-01-2018 13:15:00,22-01-2018 13:15:00,300,Stop1,Stop1,$3.25,Company10,Bus37,3528000700000000,COMPLETE
