22-02-2018 13:00:00,22-02-2018 13:00:00,0,Stop1,Stop1,$7.30,Company9,Bus31,4917300800000000,INCOMPLETE