ID,DateTimeUTC,TapType,StopId,CompanyId,BusID,PAN
1,22-01-2018 13:15:00,ON,Stop1,Company10,Bus37,3528000700000000
2,22-01-2018 13:20:00,OFF,Stop3,Company10,Bus37,3528000700000000