Started,Finished,DurationSecs,FromStopId,ToStopId,ChargeAmount,companyId,BusID,PAN,Status
22-01-2018 13:15:00,22-01-2018 13:20:00,300,Stop1,Stop3,$7.30,Company10,Bus37,34343434343434,COMPLETED
